; name: | c1 | c2 |
; type: | text | text |
| 1 | Orange |
| 2 | Melon |
| 3 | Apple |
