---[ 1]------------------------
  c1 | 1
  c2 | Orange
---[ 2]------------------------
  c1 | 2
  c2 | Melon
---[ 3]------------------------
  c1 | 3
  c2 | Apple
